Something & nothing, <script src="bad.js"></script>